[debug] > Exec(early(addDefaultCommands), None, None)
[debug] > Exec(addDefaultCommands, None, None)
[debug] > Exec(early(initialize), None, None)
[debug] > Exec(initialize, None, None)
[debug] > Exec(boot, None, None)
[debug] > Exec(writeSbtVersion, None, None)
[debug] > Exec(reload, None, None)
[debug] > Exec(sbtStashOnFailure, None, None)
[debug] > Exec(onFailure loadFailed, None, None)
[debug] > Exec(loadp, None, None)
[info] welcome to sbt 1.10.7 (Homebrew Java 26.0.2.1)
[debug] Load.defaultLoad until apply took 26.506167ms
[debug]           Load.loadUnit: plugins took 18.395375ms
[debug]           Load.loadUnit: defsScala took 0.177291ms
[debug] [Loading] Scanning directory /Users/masahiko.kawai/git/training-go/bff-gin/backend-scala-http4s/project
[debug]             Load.loadUnit: mkEval took 1.455375ms
[debug] [Loading] Found non-root projects 
[debug] [Loading] Done in /Users/masahiko.kawai/git/training-go/bff-gin/backend-scala-http4s/project, returning: ()
[debug] deducing auto plugins based on known facts Set(Atom(sbt.plugins.CorePlugin)) and clauses Clauses(Clause(Atom(sbt.plugins.JvmPlugin),Set(Atom(sbt.plugins.IvyPlugin)))
[debug] Clause(Atom(sbt.ScriptedPlugin),Set(Atom(sbt.plugins.JvmPlugin)))
[debug] Clause(Atom(sbt.plugins.SbtPlugin),Set(Atom(sbt.ScriptedPlugin)))
[debug] Clause(Atom(sbt.plugins.SemanticdbPlugin),Set(Atom(sbt.plugins.JvmPlugin)))
[debug] Clause(Atom(sbt.plugins.JUnitXmlReportPlugin),Set(Atom(sbt.plugins.JvmPlugin)))
[debug] Clause(Atom(sbt.plugins.MiniDependencyTreePlugin),Set(Atom(sbt.plugins.JvmPlugin)))
[debug] Clause(Atom(sbt.plugins.CorePlugin),Set(Atom(sbt.plugins.IvyPlugin)))
[debug] Clause(Atom(sbt.plugins.IvyPlugin),Set(Atom(sbt.plugins.JvmPlugin)))
[debug] Clause(Atom(sbt.plugins.JvmPlugin),Set(Atom(sbt.plugins.SemanticdbPlugin)))
[debug] Clause(Atom(sbt.plugins.JvmPlugin),Set(Atom(sbt.plugins.JUnitXmlReportPlugin)))
[debug] Clause(Atom(sbt.plugins.CorePlugin),Set(Atom(sbt.plugins.Giter8TemplatePlugin)))
[debug] Clause(Atom(sbt.plugins.JvmPlugin),Set(Atom(sbt.plugins.MiniDependencyTreePlugin))))
[debug]   :: deduced result: Matched(sbt.plugins.CorePlugin,sbt.plugins.Giter8TemplatePlugin,sbt.plugins.IvyPlugin,sbt.plugins.JvmPlugin,sbt.plugins.MiniDependencyTreePlugin,sbt.plugins.JUnitXmlReportPlugin,sbt.plugins.SemanticdbPlugin)
[debug] Plugins.deducer#function took 4.080292 ms
[info] loading settings for project backend-scala-http4s-build from plugins.sbt...
[debug]               Load.resolveProject(backend-scala-http4s-build) took 10.408834ms
[debug]             Load.loadTransitive: finalizeProject(Project(id backend-scala-http4s-build, base: /Users/masahiko.kawai/git/training-go/bff-gin/backend-scala-http4s/project, plugins: List(<none>))) took 21.562291ms
[debug] [Loading] Done in /Users/masahiko.kawai/git/training-go/bff-gin/backend-scala-http4s/project, returning: (backend-scala-http4s-build)
[debug]           Load.loadUnit: loadedProjectsRaw took 110.053666ms
[debug]           Load.loadUnit: cleanEvalClasses took 1.094416ms
[debug]         Load.loadUnit(file:/Users/masahiko.kawai/git/training-go/bff-gin/backend-scala-http4s/project/, ...) took 131.428208ms
[debug]       Load.apply: load took 318.725375ms
[debug]       Load.apply: resolveProjects took 1.597208ms
[debug]       Load.apply: finalTransforms took 17.065542ms
[debug]       Load.apply: config.delegates took 1.714625ms
[debug]       Load.apply: Def.make(settings)... took 98.869416ms
[debug]       Load.apply: structureIndex took 25.662625ms
[debug]       Load.apply: mkStreams took 0.428375ms
[info] loading project definition from /Users/masahiko.kawai/git/training-go/bff-gin/backend-scala-http4s/project
[debug] Running task... Cancel: Signal, check cycles: false, forcegc: true
[debug]     Load.loadUnit: plugins took 724.552417ms
[debug]     Load.loadUnit: defsScala took 0.001334ms
[debug] [Loading] Scanning directory /Users/masahiko.kawai/git/training-go/bff-gin/backend-scala-http4s
[debug]       Load.loadUnit: mkEval took 0.062125ms
[debug] [Loading] Found root project root w/ remaining 
[debug] deducing auto plugins based on known facts Set(Atom(fs2.grpc.codegen.Fs2Grpc), Atom(sbt.plugins.CorePlugin)) and clauses Clauses(Clause(Atom(sbt.plugins.JvmPlugin),Set(Atom(sbt.plugins.IvyPlugin)))
[debug] Clause(Atom(sbt.ScriptedPlugin),Set(Atom(sbt.plugins.JvmPlugin)))
[debug] Clause(Atom(sbt.plugins.SbtPlugin),Set(Atom(sbt.ScriptedPlugin)))
[debug] Clause(Atom(sbt.plugins.SemanticdbPlugin),Set(Atom(sbt.plugins.JvmPlugin)))
[debug] Clause(Atom(sbt.plugins.JUnitXmlReportPlugin),Set(Atom(sbt.plugins.JvmPlugin)))
[debug] Clause(Atom(sbt.plugins.MiniDependencyTreePlugin),Set(Atom(sbt.plugins.JvmPlugin)))
[debug] Clause(Atom(fs2.grpc.codegen.Fs2Grpc),Set(Atom(fs2.grpc.codegen.Fs2GrpcPlugin)))
[debug] Clause(Atom(fs2.grpc.codegen.Fs2GrpcPlugin),Set(Atom(sbtprotoc.ProtocPlugin)))
[debug] Clause(Atom(fs2.grpc.codegen.Fs2GrpcPlugin),Set(Atom(sbt.plugins.JvmPlugin)))
[debug] Clause(Atom(sbtprotoc.ProtocPlugin),Set(Atom(sbt.plugins.JvmPlugin)))
[debug] Clause(Atom(org.portablescala.sbtplatformdeps.PlatformDepsPlugin),Set(Atom(sbt.plugins.JvmPlugin)))
[debug] Clause(Atom(sbt.plugins.CorePlugin),Set(Atom(sbt.plugins.IvyPlugin)))
[debug] Clause(Atom(sbt.plugins.IvyPlugin),Set(Atom(sbt.plugins.JvmPlugin)))
[debug] Clause(Atom(sbt.plugins.JvmPlugin),Set(Atom(sbt.plugins.SemanticdbPlugin)))
[debug] Clause(Atom(sbt.plugins.JvmPlugin),Set(Atom(sbt.plugins.JUnitXmlReportPlugin)))
[debug] Clause(Atom(sbt.plugins.CorePlugin),Set(Atom(sbt.plugins.Giter8TemplatePlugin)))
[debug] Clause(Atom(sbt.plugins.JvmPlugin),Set(Atom(sbt.plugins.MiniDependencyTreePlugin)))
[debug] Clause(Atom(sbt.plugins.JvmPlugin),Set(Atom(sbtprotoc.ProtocPlugin)))
[debug] Clause(Atom(sbt.plugins.JvmPlugin),Set(Atom(org.portablescala.sbtplatformdeps.PlatformDepsPlugin))))
[debug]   :: deduced result: Matched(sbt.plugins.CorePlugin,fs2.grpc.codegen.Fs2Grpc,sbt.plugins.Giter8TemplatePlugin,sbt.plugins.IvyPlugin,fs2.grpc.codegen.Fs2GrpcPlugin,sbt.plugins.JvmPlugin,sbtprotoc.ProtocPlugin,org.portablescala.sbtplatformdeps.PlatformDepsPlugin,sbt.plugins.MiniDependencyTreePlugin,sbt.plugins.JUnitXmlReportPlugin,sbt.plugins.SemanticdbPlugin)
[debug] Plugins.deducer#function took 0.974083 ms
[info] loading settings for project root from build.sbt...
[debug]         Load.resolveProject(root) took 1.211042ms
[debug]       Load.loadTransitive: finalizeProject(Project(id root, base: /Users/masahiko.kawai/git/training-go/bff-gin/backend-scala-http4s, plugins: List(<none>))) took 2.595541ms
[debug] [Loading] Done in /Users/masahiko.kawai/git/training-go/bff-gin/backend-scala-http4s, returning: (root)
[debug]     Load.loadUnit: loadedProjectsRaw took 23.470417ms
[debug]     Load.loadUnit: cleanEvalClasses took 0.502708ms
[debug]   Load.loadUnit(file:/Users/masahiko.kawai/git/training-go/bff-gin/backend-scala-http4s/, ...) took 748.848125ms
[debug] Load.apply: load took 753.904333ms
[debug] Load.apply: resolveProjects took 0.042667ms
[debug] Load.apply: finalTransforms took 5.040209ms
[debug] Load.apply: config.delegates took 0.121875ms
[debug] Load.apply: Def.make(settings)... took 31.261584ms
[debug] Load.apply: structureIndex took 8.63725ms
[debug] Load.apply: mkStreams took 0.001166ms
[info] set current project to backend-scala-http4s (in build file:/Users/masahiko.kawai/git/training-go/bff-gin/backend-scala-http4s/)
[debug] > Exec(sbtPopOnFailure, None, None)
[debug] > Exec(resumeFromFailure, None, None)
[debug] > Exec(notifyUsersAboutShell, None, None)
[debug] > Exec(iflast shell, None, None)
[debug] > Exec(run, None, None)
[debug] Evaluating tasks: Compile / run
[debug] Running task... Cancel: Signal, check cycles: false, forcegc: true
